// Jest Snapshot v1, https://goo.gl/fbAQLP

exports[`LazyImage.vue should render LazyImage custom placeHolder 1`] = `<div class="lazy-image"><img src="custom-image-placeholder.jpg" alt="image title" data-src="image.jpg" data-pin-nopin="true"></div>`;

exports[`LazyImage.vue should render LazyImage custom width 1`] = `<div class="lazy-image" style="width: 300px;"><img src="assets/image-placeholder.svg" alt="image title" data-src="image.jpg" data-pin-nopin="true"></div>`;

exports[`LazyImage.vue should render LazyImage default 1`] = `<div class="lazy-image"><img src="assets/image-placeholder.svg" alt="image title" data-src="image.jpg" data-pin-nopin="true"></div>`;
